{
    "access": "eyJhbGciOiJIUzI1NiIsInR5cCI6IkpXVCJ9.eyJpZCI6Ik1PS3ZMZyIsImVtYWlsIjoiam9obkBwYXlwYWNrLnJ3IiwibWVyY2hhbnQiOiI0UTZVSEoiLCJ2ZXJpZmllZCI6dHJ1ZSwidHlwZSI6MiwicGVybSI6IjMwZTVkOWJhLTI5ZTgtMTFlYy05MThhLTAyNDJhYzEyMDAwMiIsImV4cCI6MTYzOTczNjQ4NiwiaWF0IjoxNjM5NzM1NTg2LCJpc3MiOiIxMjcuMC4wLjEiLCJzdWIiOiJhY2Nlc3MifQ.jlbXm6xQyli3wvppz0-L2a4tjg2V8fPIsPKs9TnbAVA",
    "refresh": "eyJhbGciOiJIUzI1NiIsInR5cCI6IkpXVCJ9.eyJpZCI6Ik1PS3ZMZyIsImVtYWlsIjoiam9obkBwYXlwYWNrLnJ3IiwibWVyY2hhbnQiOiI0UTZVSEoiLCJ2ZXJpZmllZCI6dHJ1ZSwidHlwZSI6MiwicGVybSI6IjMwZTVkOWJhLTI5ZTgtMTFlYy05MThhLTAyNDJhYzEyMDAwMiIsImV4cCI6MTY0MDE2NzU4NiwiaWF0IjoxNjM5NzM1NTg2LCJpc3MiOiIxMjcuMC4wLjEiLCJzdWIiOiJyZWZyZXNoIn0.N7EFztIT4bnnCW7sLgOkSztDObhG9CueKbybNkiI0qw",
    "expires": 1639736486
}