{
    "ref": "54ed64ec-b10e-411c-b1bb-3d370f3d1dfc",
    "status": "pending",
    "amount": 100,
    "kind": "CASHOUT",
    "created_at": "2021-12-17T12:06:32.421455842+02:00"
}