{
    "id": "SFDHSK",
    "name": "john doe",
    "in_rate": 0.023,
    "out_rate": 0.023,
    "balance": 100
}